
=================================== ERRORS ====================================
_______________ ERROR collecting tests/test_user_validation.py ________________
ImportError while importing test module 'C:\Users\Nithya\sdet_task3\tests\test_user_validation.py'.
Hint: make sure your test modules/packages have valid Python names.
Traceback:
C:\Program Files\WindowsApps\PythonSoftwareFoundation.Python.3.11_3.11.2544.0_x64__qbz5n2kfra8p0\Lib\importlib\__init__.py:126: in import_module
    return _bootstrap._gcd_import(name[level:], package, level)
           ^^^^^^^^^^^^^^^^^^^^^^^^^^^^^^^^^^^^^^^^^^^^^^^^^^^^
tests\test_user_validation.py:4: in <module>
    from src.user_utils import is_valid_email
E   ModuleNotFoundError: No module named 'src'
============================== warnings summary ===============================
venv\Lib\site-packages\_pytest\config\__init__.py:1474
  C:\Users\Nithya\sdet_task3\venv\Lib\site-packages\_pytest\config\__init__.py:1474: PytestConfigWarning: Unknown config option: python_paths
  
    self._warn_or_fail_if_strict(f"Unknown config option: {key}\n")

src\data_manager.py:3
  C:\Users\Nithya\sdet_task3\src\data_manager.py:3: PytestCollectionWarning: cannot collect test class 'TestDataManager' because it has a __init__ constructor (from: tests/test_data_manager.py)
    class TestDataManager:

-- Docs: https://docs.pytest.org/en/stable/how-to/capture-warnings.html
=========================== short test summary info ===========================
ERROR tests/test_user_validation.py
!!!!!!!!!!!!!!!!!!!!!!!!!! stopping after 1 failures !!!!!!!!!!!!!!!!!!!!!!!!!!
!!!!!!!!!!!!!!!!!!! Interrupted: 1 error during collection !!!!!!!!!!!!!!!!!!!!
2 warnings, 1 error in 0.38s
